// Jest Snapshot v1, https://goo.gl/fbAQLP

exports[`<Button /> should render the heading 1`] = `
<div>
  <h2>
    Button
  </h2>
</div>
`;
