// Jest Snapshot v1, https://goo.gl/fbAQLP

exports[`renders homepage unchanged 1`] = `
<div>
  <div>
    <h2>
       Hello World
    </h2>
  </div>
</div>
`;
